// Jest Snapshot v1, https://goo.gl/fbAQLP

exports[`should render App correctly 1`] = `ShallowWrapper {}`;
