// Jest Snapshot v1, https://goo.gl/fbAQLP

exports[`should render Hello correctly 1`] = `
<button
  onClick={[Function]}
>
  Test
</button>
`;
